Microchip MPLAB XC8 Compiler V2.32

Linker command line:

-W-3 --edf=C:\Program Files\Microchip\xc8\v2.32\pic\dat\en_msgs.txt -cn \
  -h+dist/default/production\ADC_Multichannel.X.production.sym \
  --cmf=dist/default/production\ADC_Multichannel.X.production.cmf -z \
  -Q18F4550 -oC:\Users\DELL\AppData\Local\Temp\xcAs16k.4 \
  --defsym=__MPLAB_BUILD=1 \
  -Mdist/default/production/ADC_Multichannel.X.production.map -E1 \
  -ver=XC8 Compiler --acfsm=1493 -ASTACK=0A8h-07FFh -pstack=STACK \
  -ACODE=00h-07FFFh -ACONST=00h-07FFFh -ASMALLCONST=0800h-08FFhx120 \
  -AMEDIUMCONST=0800h-07FFFh -ACOMRAM=01h-05Fh -AABS1=00h-07FFh \
  -ABIGRAM=01h-07FFh -ARAM=060h-0FFh,0100h-01FFhx7 -ABANK0=060h-0FFh \
  -ABANK1=0100h-01FFh -ABANK2=0200h-02FFh -ABANK3=0300h-03FFh \
  -ABANK4=0400h-04FFh -ABANK5=0500h-05FFh -ABANK6=0600h-06FFh \
  -ABANK7=0700h-07FFh -ASFR=0F60h-0FFFh -ACONFIG=0300000h-030000Dh \
  -AIDLOC=0200000h-0200007h -AEEDATA=0F00000h-0F000FFh -peeprom_data=EEDATA \
  -preset_vec=00h,intcode,intcodelo,powerup,init -pramtop=0800h \
  -psmallconst=SMALLCONST -pmediumconst=MEDIUMCONST -pconst=CONST \
  -AFARRAM=00h-00h \
  -prdata=COMRAM,nvrram=COMRAM,nvbit=COMRAM,rbss=COMRAM,rbit=COMRAM \
  -pfarbss=FARRAM,fardata=FARRAM,nvFARRAM=FARRAM \
  -pintsave_regs=BIGRAM,bigbss=BIGRAM,bigdata=BIGRAM -pbss=RAM \
  -pidata=CODE,irdata=CODE,ibigdata=CODE,ifardata=CODE -prparam=COMRAM \
  C:\Users\DELL\AppData\Local\Temp\xcAs16k.o \
  dist/default/production\ADC_Multichannel.X.production.o 

Object code version is 3.11

Machine type is 18F4550



                Name                               Link     Load   Length Selector   Space Scale
C:\Users\DELL\AppData\Local\Temp\xcAs16k.o
                idloc                            200000   200000        8        0       5
                config                           300000   300000        E        0       4
                init                                  0        0        4        0       0
dist/default/production\ADC_Multichannel.X.production.o
                idloc                            200000   200000        8        0       5
                config                           300000   300000        E        0       4
                smallconst                          800      800       3C      400       0
                text20                             13E4     13E4       10      41E       0
                text19                             1272     1272       46      41E       0
                text18                             11C4     11C4       5C      41E       0
                text17                             13A6     13A6       20      41E       0
                text16                             13F4     13F4        E      41E       0
                text15                             10D6     10D6       8C      41E       0
                text14                              DA8      DA8       D2      41E       0
                text13                             1372     1372       34      41E       0
                text12                             12FC     12FC       40      41E       0
                text11                              BCE      BCE       F0      41E       0
                text10                              E7A      E7A       D0      41E       0
                text9                              1402     1402        2      41E       0
                text8                               F4A      F4A       CA      41E       0
                text7                              12B8     12B8       44      41E       0
                text6                              133C     133C       36      41E       0
                text5                              1014     1014       C2      41E       0
                text4                               83C      83C      200      41E       0
                text3                               A3C      A3C      192      41E       0
                text2                              1162     1162       62      41E       0
                text1                              1220     1220       52      41E       0
                text0                               CBE      CBE       EA      41E       0
                cstackCOMRAM                          1        1       5D        1       1
                cstackBANK0                          9A       9A        E       60       1
                bssBANK0                             60       60       3A       60       1
                bssCOMRAM                            5E       5E        2        1       1
                cinit                              13C6     13C6       1E      41E       0

TOTAL           Name                               Link     Load   Length     Space
        CLASS   STACK          

        CLASS   CODE           
                init                                  0        0        4         0
                text20                             13E4     13E4       10         0
                text19                             1272     1272       46         0
                text18                             11C4     11C4       5C         0
                text17                             13A6     13A6       20         0
                text16                             13F4     13F4        E         0
                text15                             10D6     10D6       8C         0
                text14                              DA8      DA8       D2         0
                text13                             1372     1372       34         0
                text12                             12FC     12FC       40         0
                text11                              BCE      BCE       F0         0
                text10                              E7A      E7A       D0         0
                text9                              1402     1402        2         0
                text8                               F4A      F4A       CA         0
                text7                              12B8     12B8       44         0
                text6                              133C     133C       36         0
                text5                              1014     1014       C2         0
                text4                               83C      83C      200         0
                text3                               A3C      A3C      192         0
                text2                              1162     1162       62         0
                text1                              1220     1220       52         0
                text0                               CBE      CBE       EA         0
                cinit                              13C6     13C6       1E         0

        CLASS   CONST          

        CLASS   SMALLCONST     
                smallconst                          800      800       3C         0

        CLASS   MEDIUMCONST    

        CLASS   COMRAM         
                cstackCOMRAM                          1        1       5D         1
                bssCOMRAM                            5E       5E        2         1

        CLASS   ABS1           

        CLASS   BIGRAM         

        CLASS   RAM            

        CLASS   BANK0          
                cstackBANK0                          9A       9A        E         1
                bssBANK0                             60       60       3A         1

        CLASS   BANK1          

        CLASS   BANK2          

        CLASS   BANK3          

        CLASS   BANK4          

        CLASS   BANK5          

        CLASS   BANK6          

        CLASS   BANK7          

        CLASS   SFR            

        CLASS   CONFIG         
                config                           300000   300000        E         4

        CLASS   IDLOC          
                idloc                            200000   200000        8         5

        CLASS   EEDATA         

        CLASS   FARRAM         



SEGMENTS        Name                           Load    Length   Top    Selector   Space  Class

                reset_vec                      000000  000004  000004         0       0  CODE    
                cstackCOMRAM                   000001  00005F  000060         1       1  COMRAM  
                bssBANK0                       000060  000048  0000A8        60       1  BANK0   
                smallconst                     000800  00003C  00083C       400       0  SMALLCON
                text4                          00083C  000BC8  001404       41E       0  CODE    


UNUSED ADDRESS RANGES

        Name                Unused          Largest block    Delta
        BANK0            0000A8-0000FF               58
        BANK1            000100-0001FF              100
        BANK2            000200-0002FF              100
        BANK3            000300-0003FF              100
        BANK4            000400-0004FF              100
        BANK5            000500-0005FF              100
        BANK6            000600-0006FF              100
        BANK7            000700-0007FF              100
        BIGRAM           0000A8-0007FF              758
        CODE             000004-0007FF              7FC
                         001404-007FFF             6BFC
        CONST            000004-0007FF              7FC
                         001404-007FFF             6BFC
        EEDATA           F00000-F000FF              100
        MEDIUMCONST      001404-007FFF             6BFC
        RAM              0000A8-0007FF              100
        SFR              000F60-000FFF               A0
        SMALLCONST       001404-007FFF              100
        STACK            0000A8-0007FF              758

                                  Symbol Table

?_ADC_Read                 cstackCOMRAM 000001
?___lodiv                  cstackCOMRAM 000001
?___lomod                  cstackCOMRAM 000001
?_pad                      cstackCOMRAM 000011
?_sprintf                  cstackCOMRAM 000056
?_strlen                   cstackCOMRAM 000001
?_utoa                     cstackCOMRAM 00001C
?_vfpfcnvrt                cstackCOMRAM 00003C
?_vfprintf                 cstackCOMRAM 00004E
ADC_Init@p_ang             cstackCOMRAM 000001
ADC_Read@ch                cstackCOMRAM 000003
Lcd_Cmd@a                  cstackCOMRAM 000003
Lcd_Port@a                 cstackCOMRAM 000001
Lcd_Set_Cursor@a           cstackCOMRAM 000005
Lcd_Set_Cursor@b           cstackCOMRAM 000004
Lcd_Set_Cursor@temp        cstackCOMRAM 000008
Lcd_Set_Cursor@y           cstackCOMRAM 000007
Lcd_Set_Cursor@z           cstackCOMRAM 000006
Lcd_Write_Char@a           cstackCOMRAM 000004
Lcd_Write_Char@temp        cstackCOMRAM 000002
Lcd_Write_Char@y           cstackCOMRAM 000003
Lcd_Write_String@a         cstackCOMRAM 000005
Lcd_Write_String@i         cstackCOMRAM 000007
_ADCON0                    (abs)        000FC2
_ADCON0bits                (abs)        000FC2
_ADCON1                    (abs)        000FC1
_ADCON2                    (abs)        000FC0
_ADC_Init                  text20       0013E4
_ADC_Read                  text19       001272
_ADRES                     (abs)        000FC3
_LATDbits                  (abs)        000F8C
_Lcd_Clear                 text16       0013F4
_Lcd_Cmd                   text17       0013A6
_Lcd_Init                  text15       0010D6
_Lcd_Port                  text18       0011C4
_Lcd_Set_Cursor            text14       000DA8
_Lcd_Write_Char            text13       001372
_Lcd_Write_String          text12       0012FC
_TRISDbits                 (abs)        000F95
__HRAM                     (abs)        000000
__Habs1                    abs1         000000
__Hbank0                   bank0        000000
__Hbank1                   bank1        000000
__Hbank2                   bank2        000000
__Hbank3                   bank3        000000
__Hbank4                   bank4        000000
__Hbank5                   bank5        000000
__Hbank6                   bank6        000000
__Hbank7                   bank7        000000
__Hbigbss                  bigbss       000000
__Hbigdata                 bigdata      000000
__Hbigram                  bigram       000000
__Hbss                     bss          000000
__HbssBANK0                bssBANK0     000000
__HbssCOMRAM               bssCOMRAM    000000
__Hcinit                   cinit        000000
__Hclrtext                 clrtext      000000
__Hcomram                  comram       000000
__Hconfig                  config       30000E
__Hconst                   const        000000
__HcstackBANK0             cstackBANK0  000000
__HcstackCOMRAM            cstackCOMRAM 000000
__Hdata                    data         000000
__Heeprom_data             eeprom_data  000000
__Hfarbss                  farbss       000000
__Hfardata                 fardata      000000
__Hibigdata                ibigdata     000000
__Hidata                   idata        000000
__Hidloc                   idloc        200008
__Hifardata                ifardata     000000
__Hinit                    init         000004
__Hintcode                 intcode      000000
__Hintcode_body            intcode_body 000000
__Hintcodelo               intcodelo    000000
__Hintentry                intentry     000000
__Hintret                  intret       000000
__Hintsave_regs            intsave_regs 000000
__Hirdata                  irdata       000000
__Hmediumconst             mediumconst  000000
__HnvFARRAM                nvFARRAM     000000
__Hnvbit                   nvbit        000000
__Hnvrram                  nvrram       000000
__Hparam                   rparam       000000
__Hpowerup                 powerup      000000
__Hram                     ram          000000
__Hramtop                  ramtop       000800
__Hrbit                    rbit         000000
__Hrbss                    rbss         000000
__Hrdata                   rdata        000000
__Hreset_vec               reset_vec    000000
__Hrparam                  rparam       000000
__Hsfr                     sfr          000000
__Hsmallconst              smallconst   00083C
__Hspace_0                 (abs)        001404
__Hspace_1                 (abs)        0000A8
__Hspace_2                 (abs)        000000
__Hspace_4                 (abs)        60000E
__Hstack                   stack        000000
__Hstruct                  struct       000000
__Htemp                    temp         000000
__Htext                    text         000000
__Htext0                   text0        000000
__Htext1                   text1        000000
__Htext10                  text10       000000
__Htext11                  text11       000000
__Htext12                  text12       000000
__Htext13                  text13       000000
__Htext14                  text14       000000
__Htext15                  text15       000000
__Htext16                  text16       000000
__Htext17                  text17       000000
__Htext18                  text18       000000
__Htext19                  text19       000000
__Htext2                   text2        000000
__Htext20                  text20       000000
__Htext3                   text3        000000
__Htext4                   text4        000000
__Htext5                   text5        000000
__Htext6                   text6        000000
__Htext7                   text7        000000
__Htext8                   text8        000000
__Htext9                   text9        000000
__LRAM                     (abs)        000001
__Labs1                    abs1         000000
__Lbank0                   bank0        000000
__Lbank1                   bank1        000000
__Lbank2                   bank2        000000
__Lbank3                   bank3        000000
__Lbank4                   bank4        000000
__Lbank5                   bank5        000000
__Lbank6                   bank6        000000
__Lbank7                   bank7        000000
__Lbigbss                  bigbss       000000
__Lbigdata                 bigdata      000000
__Lbigram                  bigram       000000
__Lbss                     bss          000000
__LbssBANK0                bssBANK0     000000
__LbssCOMRAM               bssCOMRAM    000000
__Lcinit                   cinit        000000
__Lclrtext                 clrtext      000000
__Lcomram                  comram       000000
__Lconfig                  config       000000
__Lconst                   const        000000
__LcstackBANK0             cstackBANK0  000000
__LcstackCOMRAM            cstackCOMRAM 000000
__Ldata                    data         000000
__Leeprom_data             eeprom_data  000000
__Lfarbss                  farbss       000000
__Lfardata                 fardata      000000
__Libigdata                ibigdata     000000
__Lidata                   idata        000000
__Lidloc                   idloc        000000
__Lifardata                ifardata     000000
__Linit                    init         000000
__Lintcode                 intcode      000000
__Lintcode_body            intcode_body 000000
__Lintcodelo               intcodelo    000000
__Lintentry                intentry     000000
__Lintret                  intret       000000
__Lintsave_regs            intsave_regs 000000
__Lirdata                  irdata       000000
__Lmediumconst             mediumconst  000000
__LnvFARRAM                nvFARRAM     000000
__Lnvbit                   nvbit        000000
__Lnvrram                  nvrram       000000
__Lparam                   rparam       000000
__Lpowerup                 powerup      000000
__Lram                     ram          000000
__Lramtop                  ramtop       000800
__Lrbit                    rbit         000000
__Lrbss                    rbss         000000
__Lrdata                   rdata        000000
__Lreset_vec               reset_vec    000000
__Lrparam                  rparam       000000
__Lsfr                     sfr          000000
__Lsmallconst              smallconst   000800
__Lspace_0                 (abs)        000000
__Lspace_1                 (abs)        000000
__Lspace_2                 (abs)        000000
__Lspace_4                 (abs)        000000
__Lstack                   stack        000000
__Lstruct                  struct       000000
__Ltemp                    temp         000000
__Ltext                    text         000000
__Ltext0                   text0        000000
__Ltext1                   text1        000000
__Ltext10                  text10       000000
__Ltext11                  text11       000000
__Ltext12                  text12       000000
__Ltext13                  text13       000000
__Ltext14                  text14       000000
__Ltext15                  text15       000000
__Ltext16                  text16       000000
__Ltext17                  text17       000000
__Ltext18                  text18       000000
__Ltext19                  text19       000000
__Ltext2                   text2        000000
__Ltext20                  text20       000000
__Ltext3                   text3        000000
__Ltext4                   text4        000000
__Ltext5                   text5        000000
__Ltext6                   text6        000000
__Ltext7                   text7        000000
__Ltext8                   text8        000000
__Ltext9                   text9        000000
__S0                       (abs)        001404
__S1                       (abs)        0000A8
__S2                       (abs)        000000
__S4                       (abs)        000000
__S5                       (abs)        000000
___inthi_sp                stack        000000
___intlo_sp                stack        000000
___lodiv                   text11       000BCE
___lodiv@counter           cstackCOMRAM 000019
___lodiv@dividend          cstackCOMRAM 000001
___lodiv@divisor           cstackCOMRAM 000009
___lodiv@quotient          cstackCOMRAM 000011
___lomod                   text10       000E7A
___lomod@counter           cstackCOMRAM 000011
___lomod@dividend          cstackCOMRAM 000001
___lomod@divisor           cstackCOMRAM 000009
___param_bank              (abs)        000000
___rparam_used             (abs)        000001
___sp                      stack        000000
__accesstop                (abs)        000060
__activetblptr             (abs)        000001
__end_of_ADC_Init          text20       0013F4
__end_of_ADC_Read          text19       0012B8
__end_of_Lcd_Clear         text16       001402
__end_of_Lcd_Cmd           text17       0013C6
__end_of_Lcd_Init          text15       001162
__end_of_Lcd_Port          text18       001220
__end_of_Lcd_Set_Cursor    text14       000E7A
__end_of_Lcd_Write_Char    text13       0013A6
__end_of_Lcd_Write_String  text12       00133C
__end_of___lodiv           text11       000CBE
__end_of___lomod           text10       000F4A
__end_of__initialization   cinit        0013D6
__end_of_fputc             text8        001014
__end_of_fputs             text7        0012FC
__end_of_main              text0        000DA8
__end_of_pad               text5        0010D6
__end_of_putch             text9        001404
__end_of_sprintf           text1        001272
__end_of_strlen            text6        001372
__end_of_utoa              text4        000A3C
__end_of_vfpfcnvrt         text3        000BCE
__end_of_vfprintf          text2        0011C4
__initialization           cinit        0013C6
__mediumconst              mediumconst  000000
__pbssBANK0                bssBANK0     000060
__pbssCOMRAM               bssCOMRAM    00005E
__pcinit                   cinit        0013C6
__pcstackBANK0             cstackBANK0  00009A
__pcstackCOMRAM            cstackCOMRAM 000001
__psmallconst              smallconst   000800
__ptext0                   text0        000CBE
__ptext1                   text1        001220
__ptext10                  text10       000E7A
__ptext11                  text11       000BCE
__ptext12                  text12       0012FC
__ptext13                  text13       001372
__ptext14                  text14       000DA8
__ptext15                  text15       0010D6
__ptext16                  text16       0013F4
__ptext17                  text17       0013A6
__ptext18                  text18       0011C4
__ptext19                  text19       001272
__ptext2                   text2        001162
__ptext20                  text20       0013E4
__ptext3                   text3        000A3C
__ptext4                   text4        00083C
__ptext5                   text5        001014
__ptext6                   text6        00133C
__ptext7                   text7        0012B8
__ptext8                   text8        000F4A
__ptext9                   text9        001402
__ramtop                   ramtop       000800
__size_of_ADC_Init         (abs)        000000
__size_of_ADC_Read         (abs)        000000
__size_of_Lcd_Clear        (abs)        000000
__size_of_Lcd_Cmd          (abs)        000000
__size_of_Lcd_Init         (abs)        000000
__size_of_Lcd_Port         (abs)        000000
__size_of_Lcd_Set_Cursor   (abs)        000000
__size_of_Lcd_Write_Char   (abs)        000000
__size_of_Lcd_Write_String (abs)        000000
__size_of___lodiv          (abs)        000000
__size_of___lomod          (abs)        000000
__size_of_fputc            (abs)        000000
__size_of_fputs            (abs)        000000
__size_of_main             (abs)        000000
__size_of_pad              (abs)        000000
__size_of_putch            (abs)        000000
__size_of_sprintf          (abs)        000000
__size_of_strlen           (abs)        000000
__size_of_utoa             (abs)        000000
__size_of_vfpfcnvrt        (abs)        000000
__size_of_vfprintf         (abs)        000000
__smallconst               smallconst   000800
_buffer                    bssBANK0     000086
_dbuf                      bssBANK0     000066
_flags                     bssCOMRAM    00005E
_fputc                     text8        000F4A
_fputs                     text7        0012B8
_main                      text0        000CBE
_nout                      bssBANK0     000060
_pad                       text5        001014
_prec                      bssBANK0     000064
_putch                     text9        001402
_sprintf                   text1        001220
_strlen                    text6        00133C
_utoa                      text4        00083C
_vfpfcnvrt                 text3        000A3C
_vfprintf                  text2        001162
_width                     bssBANK0     000062
end_of_initialization      cinit        0013D6
fputc@c                    cstackCOMRAM 000001
fputc@fp                   cstackCOMRAM 000003
fputs@c                    cstackCOMRAM 00000E
fputs@fp                   cstackCOMRAM 00000C
fputs@i                    cstackCOMRAM 00000F
fputs@s                    cstackCOMRAM 00000A
intlevel0                  text         000000
intlevel1                  text         000000
intlevel2                  text         000000
intlevel3                  text         000000
isa$std                    (abs)        000001
isa$xinst                  (abs)        000000
main@valor_ch0             cstackBANK0  0000A2
main@valor_ch1             cstackBANK0  0000A4
main@valor_ch2             cstackBANK0  0000A6
pad@buf                    cstackCOMRAM 000013
pad@fp                     cstackCOMRAM 000011
pad@i                      cstackCOMRAM 000018
pad@p                      cstackCOMRAM 000015
pad@w                      cstackCOMRAM 00001A
sprintf@ap                 cstackBANK0  00009A
sprintf@f                  cstackBANK0  00009C
sprintf@fmt                cstackCOMRAM 000058
sprintf@s                  cstackCOMRAM 000056
stackhi                    (abs)        0007FF
stacklo                    (abs)        0000A8
start                      init         000000
start_initialization       cinit        0013C6
strlen@a                   cstackCOMRAM 000003
strlen@s                   cstackCOMRAM 000001
utoa@d                     cstackCOMRAM 00001E
utoa@fp                    cstackCOMRAM 00001C
utoa@i                     cstackCOMRAM 00003A
utoa@n                     cstackCOMRAM 000032
utoa@p                     cstackCOMRAM 00002E
utoa@w                     cstackCOMRAM 000030
vfpfcnvrt@ap               cstackCOMRAM 000040
vfpfcnvrt@fmt              cstackCOMRAM 00003E
vfpfcnvrt@fp               cstackCOMRAM 00003C
vfpfcnvrt@llu              cstackCOMRAM 000046
vfprintf@ap                cstackCOMRAM 000052
vfprintf@cfmt              cstackCOMRAM 000054
vfprintf@fmt               cstackCOMRAM 000050
vfprintf@fp                cstackCOMRAM 00004E


MODULE INFORMATION

Module		Function		Class		Link	Load	Size
C:\Program Files\Microchip\xc8\v2.32\pic\sources\c99\common\nf_sprintf.c
		_sprintf       		CODE           	1220	0000	82

C:\Program Files\Microchip\xc8\v2.32\pic\sources\c99\common\nf_sprintf.c estimated size: 82

C:\Program Files\Microchip\xc8\v2.32\pic\sources\c99\common\doprnt.c
		_vfpfcnvrt     		CODE           	0A3C	0000	402
		_pad           		CODE           	1014	0000	194
		_vfprintf      		CODE           	1162	0000	98
		_utoa          		CODE           	083C	0000	512

C:\Program Files\Microchip\xc8\v2.32\pic\sources\c99\common\doprnt.c estimated size: 1206

C:\Program Files\Microchip\xc8\v2.32\pic\sources\c99\common\lomod.c
		___lomod       		CODE           	0E7A	0000	208

C:\Program Files\Microchip\xc8\v2.32\pic\sources\c99\common\lomod.c estimated size: 208

ADC_Multichannel.c
		_main          		CODE           	0CBE	0000	234

ADC_Multichannel.c estimated size: 234

C:\Program Files\Microchip\xc8\v2.32\pic\sources\c99\common\nf_fputs.c
		_fputs         		CODE           	12B8	0000	68

C:\Program Files\Microchip\xc8\v2.32\pic\sources\c99\common\nf_fputs.c estimated size: 68

C:\Program Files\Microchip\xc8\v2.32\pic\sources\c99\common\putch.c
		_putch         		CODE           	1402	0000	2

C:\Program Files\Microchip\xc8\v2.32\pic\sources\c99\common\putch.c estimated size: 2

adc.c
		_ADC_Read      		CODE           	1272	0000	70
		_ADC_Init      		CODE           	13E4	0000	16

adc.c estimated size: 86

C:\Program Files\Microchip\xc8\v2.32\pic\sources\c99\common\lodiv.c
		___lodiv       		CODE           	0BCE	0000	240

C:\Program Files\Microchip\xc8\v2.32\pic\sources\c99\common\lodiv.c estimated size: 240

shared
		__initialization		CODE           	13C6	0000	16

shared estimated size: 16

lcd.c
		_Lcd_Write_String		CODE           	12FC	0000	64
		_Lcd_Init      		CODE           	10D6	0000	140
		_Lcd_Write_Char		CODE           	1372	0000	52
		_Lcd_Cmd       		CODE           	13A6	0000	32
		_Lcd_Set_Cursor		CODE           	0DA8	0000	210
		_Lcd_Clear     		CODE           	13F4	0000	14
		_Lcd_Port      		CODE           	11C4	0000	92

lcd.c estimated size: 604

C:\Program Files\Microchip\xc8\v2.32\pic\sources\c99\common\nf_fputc.c
		_fputc         		CODE           	0F4A	0000	202

C:\Program Files\Microchip\xc8\v2.32\pic\sources\c99\common\nf_fputc.c estimated size: 202

C:\Program Files\Microchip\xc8\v2.32\pic\sources\c99\common\strlen.c
		_strlen        		CODE           	133C	0000	54

C:\Program Files\Microchip\xc8\v2.32\pic\sources\c99\common\strlen.c estimated size: 54

