Microchip MPLAB XC8 Compiler V2.45

Linker command line:

-W-3 \
  --edf=C:\Program Files\Microchip\xc8\v2.45\pic\dat\20230818022343_en.msgs \
  -cn -h+dist/default/production\Control_Motores.X.production.sym \
  --cmf=dist/default/production\Control_Motores.X.production.cmf -z \
  -Q18F4550 -oC:\Users\gerar\AppData\Local\Temp\xcAsrpg.\driver_tmp_3.o \
  --defsym=__MPLAB_BUILD=1 --fixupoverflow=error \
  -Mdist/default/production/Control_Motores.X.production.map \
  --md=C:\Users\gerar\AppData\Local\Temp\xcAsrpg.\driver_tmp_0.dat -E1 \
  -ver=XC8 Compiler --acfsm=1493 -ACODE=00h-07FFFh -ACONST=00h-07FFFh \
  -ASMALLCONST=0800h-08FFhx120 -AMEDIUMCONST=0800h-07FFFh -ACOMRAM=01h-05Fh \
  -AABS1=00h-07FFh -ABIGRAM=01h-07FFh -ARAM=060h-0FFh,0100h-01FFhx7 \
  -ABANK0=060h-0FFh -ABANK1=0100h-01FFh -ABANK2=0200h-02FFh \
  -ABANK3=0300h-03FFh -ABANK4=0400h-04FFh -ABANK5=0500h-05FFh \
  -ABANK6=0600h-06FFh -ABANK7=0700h-07FFh -ASFR=0F60h-0FFFh \
  -ABIGSFR=0F60h-0FFFh -ACONFIG=0300000h-030000Dh -AIDLOC=0200000h-0200007h \
  -AEEDATA=0F00000h-0F000FFh -peeprom_data=EEDATA \
  -preset_vec=00h,intcode=08h,intcodelo,powerup,init -pramtop=0800h \
  -psmallconst=SMALLCONST -pmediumconst=MEDIUMCONST -pconst=CONST \
  -AFARRAM=00h-00h \
  -prdata=COMRAM,nvrram=COMRAM,nvbit=COMRAM,rbss=COMRAM,rbit=COMRAM \
  -pfarbss=FARRAM,fardata=FARRAM,nvFARRAM=FARRAM \
  -pintsave_regs=BIGRAM,bigbss=BIGRAM,bigdata=BIGRAM -pbss=RAM \
  -pidata=CODE,irdata=CODE,ibigdata=CODE,ifardata=CODE -prparam=COMRAM \
  C:\Users\gerar\AppData\Local\Temp\xcAsrpg.\driver_tmp_9.o \
  dist/default/production\Control_Motores.X.production.o 

Object code version is 3.11

Machine type is 18F4550



                Name                               Link     Load   Length Selector   Space Scale
C:\Users\gerar\AppData\Local\Temp\xcAsrpg.\driver_tmp_9.o
                idloc                            200000   200000        8        0       5
                config                           300000   300000        E        0       4
                init                                  E        E        4        4       0
                reset_vec                             0        0        4        0       0
dist/default/production\Control_Motores.X.production.o
                intcode                               8        8        6        4       0
                idloc                            200000   200000        8        0       5
                config                           300000   300000        E        0       4
                temp                                 5F       5F        1        1       1
                smallconst                          800      800        C      400       0
                intcode_body                       2880     2880       1C      406       0
                text21                             28B2     28B2       14      406       0
                text20                             2670     2670       96      406       0
                text19                             28D4     28D4        8      406       0
                text18                              DE6      DE6      4C0      406       0
                text17                             1A74     1A74      39A      406       0
                text16                             12A6     12A6      42A      406       0
                text15                             22A4     22A4      106      406       0
                text14                             20F0     20F0      1B4      406       0
                text13                             24AE     24AE       FE      406       0
                text12                             25AC     25AC       C4      406       0
                text11                             289C     289C       16      406       0
                text10                             28C6     28C6        E      406       0
                text9                              2862     2862       1E      406       0
                text8                              23AA     23AA      104      406       0
                text7                              2792     2792       38      406       0
                text6                              2706     2706       48      406       0
                text5                              1E0E     1E0E      2E2      406       0
                text4                              16D0     16D0      3A4      406       0
                text3                              2800     2800       26      406       0
                text2                              2844     2844       1E      406       0
                text1                              27CA     27CA       36      406       0
                text0                               80C      80C      5DA      406       0
                cstackCOMRAM                          1        1       5E        1       1
                cstackBANK0                          60       60       40       60       1
                cstackBANK1                         100      100       66      100       1
                dataBANK1                           166      166       1E      100       1
                bssBANK1                            184      184        2      100       1
                bssBANK0                             A0       A0        8       60       1
                cinit                              274E     274E       44      406       0
                idataBANK1                         2826     2826       1E      406       0

TOTAL           Name                               Link     Load   Length     Space
        CLASS   CODE           
                intcode                               8        8        6         0
                init                                  E        E        4         0
                reset_vec                             0        0        4         0
                intcode_body                       2880     2880       1C         0
                text21                             28B2     28B2       14         0
                text20                             2670     2670       96         0
                text19                             28D4     28D4        8         0
                text18                              DE6      DE6      4C0         0
                text17                             1A74     1A74      39A         0
                text16                             12A6     12A6      42A         0
                text15                             22A4     22A4      106         0
                text14                             20F0     20F0      1B4         0
                text13                             24AE     24AE       FE         0
                text12                             25AC     25AC       C4         0
                text11                             289C     289C       16         0
                text10                             28C6     28C6        E         0
                text9                              2862     2862       1E         0
                text8                              23AA     23AA      104         0
                text7                              2792     2792       38         0
                text6                              2706     2706       48         0
                text5                              1E0E     1E0E      2E2         0
                text4                              16D0     16D0      3A4         0
                text3                              2800     2800       26         0
                text2                              2844     2844       1E         0
                text1                              27CA     27CA       36         0
                text0                               80C      80C      5DA         0
                cinit                              274E     274E       44         0
                idataBANK1                         2826     2826       1E         0

        CLASS   CONST          

        CLASS   SMALLCONST     
                smallconst                          800      800        C         0

        CLASS   MEDIUMCONST    

        CLASS   COMRAM         
                temp                                 5F       5F        1         1
                cstackCOMRAM                          1        1       5E         1

        CLASS   ABS1           

        CLASS   BIGRAM         

        CLASS   RAM            

        CLASS   BANK0          
                cstackBANK0                          60       60       40         1
                bssBANK0                             A0       A0        8         1

        CLASS   BANK1          
                cstackBANK1                         100      100       66         1
                dataBANK1                           166      166       1E         1
                bssBANK1                            184      184        2         1

        CLASS   BANK2          

        CLASS   BANK3          

        CLASS   BANK4          

        CLASS   BANK5          

        CLASS   BANK6          

        CLASS   BANK7          

        CLASS   SFR            

        CLASS   BIGSFR         

        CLASS   CONFIG         
                config                           300000   300000        E         4

        CLASS   IDLOC          
                idloc                            200000   200000        8         5

        CLASS   EEDATA         

        CLASS   FARRAM         

        CLASS   HEAP           

        CLASS   STACK          



SEGMENTS        Name                           Load    Length   Top    Selector   Space  Class

                reset_vec                      000000  000004  000004         0       0  CODE    
                cstackCOMRAM                   000001  00005F  000060         1       1  COMRAM  
                intcode                        000008  00000A  000012         4       0  CODE    
                cstackBANK0                    000060  000048  0000A8        60       1  BANK0   
                cstackBANK1                    000100  000086  000186       100       1  BANK1   
                smallconst                     000800  00000C  00080C       400       0  SMALLCON
                text0                          00080C  0020D0  0028DC       406       0  CODE    


UNUSED ADDRESS RANGES

        Name                Unused          Largest block    Delta
        BANK0            0000A8-0000FF               58
        BANK1            000186-0001FF               7A
        BANK2            000200-0002FF              100
        BANK3            000300-0003FF              100
        BANK4            000400-0004FF              100
        BANK5            000500-0005FF              100
        BANK6            000600-0006FF              100
        BANK7            000700-0007FF              100
        BIGRAM           0000A8-0000FF               58
                         000186-0007FF              67A
        BIGSFR           000F60-000FFF               A0
        CODE             000004-000007                4
                         000012-0007FF              7EE
                         0028DC-007FFF             5724
        CONST            000004-000007                4
                         000012-0007FF              7EE
                         0028DC-007FFF             5724
        EEDATA           F00000-F000FF              100
        MEDIUMCONST      0028DC-007FFF             5724
        RAM              0000A8-0000FF               58
                         000186-0007FF              100
        SFR              000F60-000FFF               A0
        SMALLCONST       0028DC-007FFF              100

                                  Symbol Table

?_ADC_Read                     cstackCOMRAM 000001
?___awdiv                      cstackCOMRAM 000001
?___fladd                      cstackCOMRAM 000019
?___fldiv                      cstackCOMRAM 000042
?___flmul                      cstackCOMRAM 000029
?___flneg                      cstackCOMRAM 000001
?___flsub                      cstackBANK0  000060
?___fltol                      cstackCOMRAM 000001
?___xxtofl                     cstackCOMRAM 00000B
?_roundf                       cstackCOMRAM 00005B
?_setPeriodTo                  cstackBANK0  000083
ADC_Read@channel               cstackCOMRAM 000007
SetDutyCycleTo@Duty_Scale      cstackBANK0  000060
SetDutyCycleTo@PWM10BitValue   cstackBANK0  00006A
SetDutyCycleTo@Period          cstackBANK0  000064
_ADCON0                        (abs)        000FC2
_ADCON0bits                    (abs)        000FC2
_ADCON1                        (abs)        000FC1
_ADCON2                        (abs)        000FC0
_ADC_Init                      text21       0028B2
_ADC_Read                      text20       002670
_ADON                          (abs)        007E10
_ADRESH                        (abs)        000FC4
_ADRESL                        (abs)        000FC3
_BAUDCONbits                   (abs)        000FB8
_CCP1CON                       (abs)        000FBD
_CCPR1L                        (abs)        000FBE
_GO                            (abs)        007E11
_INTCON2bits                   (abs)        000FF1
_INTCONbits                    (abs)        000FF2
_LATD0                         (abs)        007C60
_LATD1                         (abs)        007C61
_OSCCON                        (abs)        000FD3
_PIR1bits                      (abs)        000F9E
_PR2                           (abs)        000FCB
_PWM_Init                      text19       0028D4
_RCREG                         (abs)        000FAE
_RCSTAbits                     (abs)        000FAB
_SPBRG                         (abs)        000FAF
_SetDutyCycleTo                text13       0024AE
_SetDutyCycleTo$1439           cstackBANK0  000066
_T0CON                         (abs)        000FD5
_T0CONbits                     (abs)        000FD5
_T2CON                         (abs)        000FCA
_T2CONbits                     (abs)        000FCA
_TMR0H                         (abs)        000FD7
_TMR0IF                        (abs)        007F92
_TMR0L                         (abs)        000FD6
_TMR2                          (abs)        000FCC
_TRISA                         (abs)        000F92
_TRISBbits                     (abs)        000F93
_TRISCbits                     (abs)        000F94
_TRISD                         (abs)        000F95
_TXREG                         (abs)        000FAD
_TXSTAbits                     (abs)        000FAC
__HRAM                         (abs)        000000
__H__absolute__                __absolute__ 000000
__Habs1                        abs1         000000
__Hbank0                       bank0        000000
__Hbank1                       bank1        000000
__Hbank2                       bank2        000000
__Hbank3                       bank3        000000
__Hbank4                       bank4        000000
__Hbank5                       bank5        000000
__Hbank6                       bank6        000000
__Hbank7                       bank7        000000
__Hbigbss                      bigbss       000000
__Hbigdata                     bigdata      000000
__Hbigram                      bigram       000000
__Hbigsfr                      bigsfr       000000
__Hbss                         bss          000000
__HbssBANK0                    bssBANK0     000000
__HbssBANK1                    bssBANK1     000000
__Hcinit                       cinit        000000
__Hclrtext                     clrtext      000000
__Hcomram                      comram       000000
__Hconfig                      config       30000E
__Hconst                       const        000000
__HcstackBANK0                 cstackBANK0  000000
__HcstackBANK1                 cstackBANK1  000000
__HcstackCOMRAM                cstackCOMRAM 000000
__Hdata                        data         000000
__HdataBANK1                   dataBANK1    000000
__Heeprom_data                 eeprom_data  000000
__Hfarbss                      farbss       000000
__Hfardata                     fardata      000000
__Hheap                        heap         000000
__Hibigdata                    ibigdata     000000
__Hidata                       idata        000000
__HidataBANK1                  idataBANK1   000000
__Hidloc                       idloc        200008
__Hifardata                    ifardata     000000
__Hinit                        init         000012
__Hintcode                     intcode      00000E
__Hintcode_body                intcode_body 000000
__Hintcodelo                   intcodelo    00000E
__Hintentry                    intentry     000000
__Hintret                      intret       000000
__Hintsave_regs                intsave_regs 000000
__Hirdata                      irdata       000000
__Hmediumconst                 mediumconst  000000
__HnvFARRAM                    nvFARRAM     000000
__Hnvbit                       nvbit        000000
__Hnvrram                      nvrram       000000
__Hparam                       rparam       000000
__Hpowerup                     powerup      00000E
__Hram                         ram          000000
__Hramtop                      ramtop       000800
__Hrbit                        rbit         000000
__Hrbss                        rbss         000000
__Hrdata                       rdata        000000
__Hreset_vec                   reset_vec    000004
__Hrparam                      rparam       000000
__Hsfr                         sfr          000000
__Hsmallconst                  smallconst   00080C
__Hspace_0                     (abs)        0028DC
__Hspace_1                     (abs)        000186
__Hspace_2                     (abs)        000000
__Hspace_4                     (abs)        60000E
__Hstack                       stack        000000
__Hstruct                      struct       000000
__Htemp                        temp         000060
__Htext                        text         000000
__Htext0                       text0        000000
__Htext1                       text1        000000
__Htext10                      text10       000000
__Htext11                      text11       000000
__Htext12                      text12       000000
__Htext13                      text13       000000
__Htext14                      text14       000000
__Htext15                      text15       000000
__Htext16                      text16       000000
__Htext17                      text17       000000
__Htext18                      text18       000000
__Htext19                      text19       000000
__Htext2                       text2        000000
__Htext20                      text20       000000
__Htext21                      text21       000000
__Htext3                       text3        000000
__Htext4                       text4        000000
__Htext5                       text5        000000
__Htext6                       text6        000000
__Htext7                       text7        000000
__Htext8                       text8        000000
__Htext9                       text9        000000
__LRAM                         (abs)        000001
__L__absolute__                __absolute__ 000000
__Labs1                        abs1         000000
__Lbank0                       bank0        000000
__Lbank1                       bank1        000000
__Lbank2                       bank2        000000
__Lbank3                       bank3        000000
__Lbank4                       bank4        000000
__Lbank5                       bank5        000000
__Lbank6                       bank6        000000
__Lbank7                       bank7        000000
__Lbigbss                      bigbss       000000
__Lbigdata                     bigdata      000000
__Lbigram                      bigram       000000
__Lbigsfr                      bigsfr       000000
__Lbss                         bss          000000
__LbssBANK0                    bssBANK0     000000
__LbssBANK1                    bssBANK1     000000
__Lcinit                       cinit        000000
__Lclrtext                     clrtext      000000
__Lcomram                      comram       000000
__Lconfig                      config       000000
__Lconst                       const        000000
__LcstackBANK0                 cstackBANK0  000000
__LcstackBANK1                 cstackBANK1  000000
__LcstackCOMRAM                cstackCOMRAM 000000
__Ldata                        data         000000
__LdataBANK1                   dataBANK1    000000
__Leeprom_data                 eeprom_data  000000
__Lfarbss                      farbss       000000
__Lfardata                     fardata      000000
__Lheap                        heap         000000
__Libigdata                    ibigdata     000000
__Lidata                       idata        000000
__LidataBANK1                  idataBANK1   000000
__Lidloc                       idloc        000000
__Lifardata                    ifardata     000000
__Linit                        init         00000E
__Lintcode                     intcode      000008
__Lintcode_body                intcode_body 000000
__Lintcodelo                   intcodelo    00000E
__Lintentry                    intentry     000000
__Lintret                      intret       000000
__Lintsave_regs                intsave_regs 000000
__Lirdata                      irdata       000000
__Lmediumconst                 mediumconst  000000
__LnvFARRAM                    nvFARRAM     000000
__Lnvbit                       nvbit        000000
__Lnvrram                      nvrram       000000
__Lparam                       rparam       000000
__Lpowerup                     powerup      00000E
__Lram                         ram          000000
__Lramtop                      ramtop       000800
__Lrbit                        rbit         000000
__Lrbss                        rbss         000000
__Lrdata                       rdata        000000
__Lreset_vec                   reset_vec    000000
__Lrparam                      rparam       000000
__Lsfr                         sfr          000000
__Lsmallconst                  smallconst   000800
__Lspace_0                     (abs)        000000
__Lspace_1                     (abs)        000000
__Lspace_2                     (abs)        000000
__Lspace_4                     (abs)        000000
__Lstack                       stack        000000
__Lstruct                      struct       000000
__Ltemp                        temp         00005F
__Ltext                        text         000000
__Ltext0                       text0        000000
__Ltext1                       text1        000000
__Ltext10                      text10       000000
__Ltext11                      text11       000000
__Ltext12                      text12       000000
__Ltext13                      text13       000000
__Ltext14                      text14       000000
__Ltext15                      text15       000000
__Ltext16                      text16       000000
__Ltext17                      text17       000000
__Ltext18                      text18       000000
__Ltext19                      text19       000000
__Ltext2                       text2        000000
__Ltext20                      text20       000000
__Ltext21                      text21       000000
__Ltext3                       text3        000000
__Ltext4                       text4        000000
__Ltext5                       text5        000000
__Ltext6                       text6        000000
__Ltext7                       text7        000000
__Ltext8                       text8        000000
__Ltext9                       text9        000000
__S0                           (abs)        0028DC
__S1                           (abs)        000186
__S4                           (abs)        000000
__S5                           (abs)        000000
___awdiv                       text12       0025AC
___awdiv@counter               cstackCOMRAM 000005
___awdiv@dividend              cstackCOMRAM 000001
___awdiv@divisor               cstackCOMRAM 000003
___awdiv@quotient              cstackCOMRAM 000007
___awdiv@sign                  cstackCOMRAM 000006
___fladd                       text18       000DE6
___fladd@a                     cstackCOMRAM 00001D
___fladd@aexp                  cstackCOMRAM 000026
___fladd@b                     cstackCOMRAM 000019
___fladd@bexp                  cstackCOMRAM 000027
___fladd@grs                   cstackCOMRAM 000028
___fladd@signs                 cstackCOMRAM 000025
___fldiv                       text17       001A74
___fldiv@a                     cstackCOMRAM 000046
___fldiv@aexp                  cstackCOMRAM 00005A
___fldiv@b                     cstackCOMRAM 000042
___fldiv@bexp                  cstackCOMRAM 000059
___fldiv@grs                   cstackCOMRAM 000055
___fldiv@new_exp               cstackCOMRAM 000053
___fldiv@rem                   cstackCOMRAM 00004E
___fldiv@sign                  cstackCOMRAM 000052
___flge                        text8        0023AA
___flge@ff1                    cstackCOMRAM 000001
___flge@ff2                    cstackCOMRAM 000005
___flmul                       text16       0012A6
___flmul@a                     cstackCOMRAM 00002D
___flmul@aexp                  cstackCOMRAM 00003A
___flmul@b                     cstackCOMRAM 000029
___flmul@bexp                  cstackCOMRAM 00003B
___flmul@grs                   cstackCOMRAM 000036
___flmul@prod                  cstackCOMRAM 00003C
___flmul@sign                  cstackCOMRAM 000035
___flmul@temp                  cstackCOMRAM 000040
___flneg                       text7        002792
___flneg@f1                    cstackCOMRAM 000001
___flsub                       text6        002706
___flsub@a                     cstackBANK0  000064
___flsub@b                     cstackBANK0  000060
___fltol                       text15       0022A4
___fltol@exp1                  cstackCOMRAM 00000A
___fltol@f1                    cstackCOMRAM 000001
___fltol@sign1                 cstackCOMRAM 000009
___heap_hi                     (abs)        000000
___heap_lo                     (abs)        000000
___inthi_sp                    stack        000000
___inthi_stack_hi              stack        000000
___inthi_stack_lo              stack        000000
___intlo_sp                    stack        000000
___intlo_stack_hi              stack        000000
___intlo_stack_lo              stack        000000
___param_bank                  (abs)        000000
___rparam_used                 (abs)        000001
___sp                          stack        000000
___stack_hi                    stack        000000
___stack_lo                    stack        000000
___xxtofl                      text14       0020F0
___xxtofl@arg                  cstackCOMRAM 000015
___xxtofl@exp                  cstackCOMRAM 000014
___xxtofl@sign                 cstackCOMRAM 000013
___xxtofl@val                  cstackCOMRAM 00000B
__accesstop                    (abs)        000060
__activetblptr                 (abs)        000001
__end_of_ADC_Init              text21       0028C6
__end_of_ADC_Read              text20       002706
__end_of_PWM_Init              text19       0028DC
__end_of_SetDutyCycleTo        text13       0025AC
__end_of___awdiv               text12       002670
__end_of___fladd               text18       0012A6
__end_of___fldiv               text17       001E0E
__end_of___flge                text8        0024AE
__end_of___flmul               text16       0016D0
__end_of___flneg               text7        0027CA
__end_of___flsub               text6        00274E
__end_of___fltol               text15       0023AA
__end_of___xxtofl              text14       0022A4
__end_of__initialization       cinit        002780
__end_of_configTimer0          text11       0028B2
__end_of_configurar            text10       0028D4
__end_of_isr                   intcode_body 00289C
__end_of_main                  text0        000DE6
__end_of_roundf                text5        0020F0
__end_of_sendUART              text9        002880
__end_of_setPeriodTo           text4        001A74
__end_of_toint                 smallconst   000805
__end_of_uartInit              text3        002826
__end_of_uartPrint             text1        002800
__end_of_uartTransmitter       text2        002862
__initialization               cinit        00274E
__mediumconst                  mediumconst  000000
__pbssBANK0                    bssBANK0     0000A0
__pbssBANK1                    bssBANK1     000184
__pcinit                       cinit        00274E
__pcstackBANK0                 cstackBANK0  000060
__pcstackBANK1                 cstackBANK1  000100
__pcstackCOMRAM                cstackCOMRAM 000001
__pdataBANK1                   dataBANK1    000166
__pidataBANK1                  idataBANK1   002826
__pintcode                     intcode      000008
__pintcode_body                intcode_body 002880
__psmallconst                  smallconst   000800
__ptext0                       text0        00080C
__ptext1                       text1        0027CA
__ptext10                      text10       0028C6
__ptext11                      text11       00289C
__ptext12                      text12       0025AC
__ptext13                      text13       0024AE
__ptext14                      text14       0020F0
__ptext15                      text15       0022A4
__ptext16                      text16       0012A6
__ptext17                      text17       001A74
__ptext18                      text18       000DE6
__ptext19                      text19       0028D4
__ptext2                       text2        002844
__ptext20                      text20       002670
__ptext21                      text21       0028B2
__ptext3                       text3        002800
__ptext4                       text4        0016D0
__ptext5                       text5        001E0E
__ptext6                       text6        002706
__ptext7                       text7        002792
__ptext8                       text8        0023AA
__ptext9                       text9        002862
__ramtop                       ramtop       000800
__smallconst                   smallconst   000800
_configTimer0                  text11       00289C
_configurar                    text10       0028C6
_contador_pulsos               bssBANK1     000184
_current_A                     bssBANK0     0000A7
_isr                           intcode      000008
_last_A                        bssBANK0     0000A6
_main                          text0        00080C
_main$1440                     cstackBANK1  000130
_main$1441                     cstackBANK1  000134
_main$1442                     cstackBANK1  000138
_main$1443                     cstackBANK1  00013C
_main$1444                     cstackBANK1  000140
_pulsos_vuelta                 dataBANK1    000182
_roundf                        text5        001E0E
_roundf$1445                   cstackBANK0  00007A
_roundf$1446                   cstackBANK0  00006C
_rpm                           bssBANK0     0000A4
_sendUART                      text9        002862
_setPeriodTo                   text4        0016D0
_setPeriodTo$1438              cstackBANK0  000088
_uartInit                      text3        002800
_uartPrint                     text1        0027CA
_uartTransmitter               text2        002844
btemp                          temp         00005F
end_of_initialization          cinit        002780
int$flags                      temp         00005F
int_func                       intcode_body 002880
intlevel0                      text         000000
intlevel1                      text         000000
intlevel2                      text         000000
intlevel3                      text         000000
isa$std                        (abs)        000001
isa$xinst                      (abs)        000000
main@Control                   cstackBANK1  00015E
main@Control_0                 cstackBANK1  000124
main@Duty_Scale                cstackBANK1  000156
main@Error                     cstackBANK1  00014E
main@Error_0                   cstackBANK1  000152
main@Error_1                   cstackBANK1  000146
main@F3997                     dataBANK1    000166
main@Kd                        cstackBANK1  00015A
main@Ki                        cstackBANK1  000120
main@Kp                        cstackBANK1  00014A
main@Period                    cstackBANK1  000144
main@RPM                       cstackBANK1  00012C
main@mensaje                   cstackBANK1  000100
main@pwm_duty                  cstackBANK1  00011C
main@rad                       cstackBANK1  000128
main@tiempo                    cstackBANK1  000162
roundf@F522                    bssBANK0     0000A0
roundf@e                       cstackBANK0  000074
roundf@sign                    cstackBANK0  00007E
roundf@u                       cstackBANK0  000076
roundf@x                       cstackCOMRAM 00005B
roundf@y                       cstackBANK0  00007F
roundf@z                       cstackBANK0  000070
sendUART@data                  cstackCOMRAM 000001
setPeriodTo@FOSC               cstackBANK0  000090
setPeriodTo@FPWM               cstackBANK0  000083
setPeriodTo@TimerPrescaleBits  cstackBANK0  00008C
setPeriodTo@TimerPrescaleValue cstackBANK0  00008E
setPeriodTo@_resolution        cstackBANK0  00009A
setPeriodTo@clockSelectBits    cstackBANK0  000094
setPeriodTo@period             cstackBANK0  000096
stackhi                        (abs)        000000
stacklo                        (abs)        000000
start                          init         00000E
start_initialization           cinit        00274E
ttemp5                         temp         000060
ttemp6                         temp         000063
ttemp7                         temp         000067
uartPrint@index                cstackCOMRAM 000004
uartPrint@string               cstackCOMRAM 000002
uartTransmitter@dataTrasmit    cstackCOMRAM 000001
wtemp8                         temp         000060


MODULE INFORMATION

Module		Function		Class		Link	Load	Size
ADC_Source_File.c
		_ADC_Read      		CODE           	2670	0000	150
		_ADC_Init      		CODE           	28B2	0000	20

ADC_Source_File.c estimated size: 170

C:\Program Files\Microchip\xc8\v2.45\pic\sources\c99\common\flneg.c
		___flneg       		CODE           	2792	0000	56

C:\Program Files\Microchip\xc8\v2.45\pic\sources\c99\common\flneg.c estimated size: 56

PIC_DC_Motor.c
		_configurar    		CODE           	28C6	0000	14
		_setPeriodTo   		CODE           	16D0	0000	932
		_main          		CODE           	080C	0000	1498
		_configTimer0  		CODE           	289C	0000	22
		_SetDutyCycleTo		CODE           	24AE	0000	254
		_isr           		CODE           	0008	0000	34
		_PWM_Init      		CODE           	28D4	0000	8

PIC_DC_Motor.c estimated size: 2762

C:\Program Files\Microchip\xc8\v2.45\pic\sources\c99\common\sprcmul.c
		___flmul       		CODE           	12A6	0000	1066

C:\Program Files\Microchip\xc8\v2.45\pic\sources\c99\common\sprcmul.c estimated size: 1066

C:\Program Files\Microchip\xc8\v2.45\pic\sources\c99\common\sprcdiv.c
		___fldiv       		CODE           	1A74	0000	922

C:\Program Files\Microchip\xc8\v2.45\pic\sources\c99\common\sprcdiv.c estimated size: 922

C:\Program Files\Microchip\xc8\v2.45\pic\sources\c99\common\roundf.c
		_roundf        		CODE           	1E0E	0000	738

C:\Program Files\Microchip\xc8\v2.45\pic\sources\c99\common\roundf.c estimated size: 738

C:\Program Files\Microchip\xc8\v2.45\pic\sources\c99\common\flge.c
		___flge        		CODE           	23AA	0000	260

C:\Program Files\Microchip\xc8\v2.45\pic\sources\c99\common\flge.c estimated size: 260

shared
		__initialization		CODE           	274E	0000	50
		_toint         		SMALLCONST     	0000	0000	0

shared estimated size: 50

C:\Program Files\Microchip\xc8\v2.45\pic\sources\c99\common\xxtofl.c
		___xxtofl      		CODE           	20F0	0000	436

C:\Program Files\Microchip\xc8\v2.45\pic\sources\c99\common\xxtofl.c estimated size: 436

libuart4550.c
		_sendUART      		CODE           	2862	0000	30
		_uartTransmitter		CODE           	2844	0000	30
		_uartPrint     		CODE           	27CA	0000	54
		_uartInit      		CODE           	2800	0000	38

libuart4550.c estimated size: 152

C:\Program Files\Microchip\xc8\v2.45\pic\sources\c99\common\sprcadd.c
		___flsub       		CODE           	2706	0000	72
		___fladd       		CODE           	0DE6	0000	1216

C:\Program Files\Microchip\xc8\v2.45\pic\sources\c99\common\sprcadd.c estimated size: 1288

C:\Program Files\Microchip\xc8\v2.45\pic\sources\c99\common\awdiv.c
		___awdiv       		CODE           	25AC	0000	196

C:\Program Files\Microchip\xc8\v2.45\pic\sources\c99\common\awdiv.c estimated size: 196

C:\Program Files\Microchip\xc8\v2.45\pic\sources\c99\common\fltol.c
		___fltol       		CODE           	22A4	0000	262

C:\Program Files\Microchip\xc8\v2.45\pic\sources\c99\common\fltol.c estimated size: 262

