Microchip MPLAB XC8 Compiler V2.32

Linker command line:

-W-3 --edf=C:\Program Files\Microchip\xc8\v2.32\pic\dat\en_msgs.txt -cn \
  -h+dist/default/production\ADC_Lcd.X.production.sym \
  --cmf=dist/default/production\ADC_Lcd.X.production.cmf -z -Q18F4550 \
  -oC:\Users\DELL\AppData\Local\Temp\xcAs4ck.4 --defsym=__MPLAB_BUILD=1 \
  -Mdist/default/production/ADC_Lcd.X.production.map -E1 -ver=XC8 Compiler \
  --acfsm=1493 -ASTACK=0150h-07FFh -pstack=STACK -ACODE=00h-07FFFh \
  -ACONST=00h-07FFFh -ASMALLCONST=0800h-08FFhx120 \
  -AMEDIUMCONST=0800h-07FFFh -ACOMRAM=01h-05Fh -AABS1=00h-07FFh \
  -ABIGRAM=01h-07FFh -ARAM=060h-0FFh,0100h-01FFhx7 -ABANK0=060h-0FFh \
  -ABANK1=0100h-01FFh -ABANK2=0200h-02FFh -ABANK3=0300h-03FFh \
  -ABANK4=0400h-04FFh -ABANK5=0500h-05FFh -ABANK6=0600h-06FFh \
  -ABANK7=0700h-07FFh -ASFR=0F60h-0FFFh -ACONFIG=0300000h-030000Dh \
  -AIDLOC=0200000h-0200007h -AEEDATA=0F00000h-0F000FFh -peeprom_data=EEDATA \
  -preset_vec=00h,intcode,intcodelo,powerup,init -pramtop=0800h \
  -psmallconst=SMALLCONST -pmediumconst=MEDIUMCONST -pconst=CONST \
  -AFARRAM=00h-00h \
  -prdata=COMRAM,nvrram=COMRAM,nvbit=COMRAM,rbss=COMRAM,rbit=COMRAM \
  -pfarbss=FARRAM,fardata=FARRAM,nvFARRAM=FARRAM \
  -pintsave_regs=BIGRAM,bigbss=BIGRAM,bigdata=BIGRAM -pbss=RAM \
  -pidata=CODE,irdata=CODE,ibigdata=CODE,ifardata=CODE -prparam=COMRAM \
  C:\Users\DELL\AppData\Local\Temp\xcAs4ck.o \
  dist/default/production\ADC_Lcd.X.production.o 

Object code version is 3.11

Machine type is 18F4550



                Name                               Link     Load   Length Selector   Space Scale
C:\Users\DELL\AppData\Local\Temp\xcAs4ck.o
                idloc                            200000   200000        8        0       5
                config                           300000   300000        E        0       4
                init                                  0        0        4        0       0
dist/default/production\ADC_Lcd.X.production.o
                idloc                            200000   200000        8        0       5
                config                           300000   300000        E        0       4
                smallconst                          800      800       30      400       0
                text42                             3EDE     3EDE       10      418       0
                text41                             3C9A     3C9A       46      418       0
                text40                             3B54     3B54       5C      418       0
                text39                             3EBE     3EBE       20      418       0
                text38                             3EEE     3EEE        E      418       0
                text37                             39AA     39AA       8C      418       0
                text36                             345A     345A       D2      418       0
                text35                             3E42     3E42       34      418       0
                text34                             3D24     3D24       40      418       0
                text33                             2AF2     2AF2      1B4      418       0
                text32                             3E76     3E76       26      418       0
                text31                             3DD4     3DD4       38      418       0
                text30                             3C02     3C02       52      418       0
                text29                             2CA6     2CA6      190      418       0
                text28                             378C     378C       C4      418       0
                text27                             3850     3850       B0      418       0
                text26                             2342     2342      39A      418       0
                text25                             3900     3900       AA      418       0
                text24                             3092     3092      104      418       0
                text23                             1F18     1F18      42A      418       0
                text22                             3D9C     3D9C       38      418       0
                text21                             1A58     1A58      4C0      418       0
                text20                             3C54     3C54       46      418       0
                text19                             2F8C     2F8C      106      418       0
                text18                             3196     3196       FE      418       0
                text17                             26DC     26DC      212      418       0
                text16                             3EFC     3EFC        2      418       0
                text15                             35FC     35FC       CA      418       0
                text14                             3CE0     3CE0       44      418       0
                text13                             3E0C     3E0C       36      418       0
                text12                             36C6     36C6       C6      418       0
                text11                             3AF8     3AF8       5C      418       0
                text10                             3D64     3D64       38      418       0
                text9                              3A98     3A98       60      418       0
                text8                               830      830      C58      418       0
                text7                              3384     3384       D6      418       0
                text6                              3294     3294       F0      418       0
                text5                              352C     352C       D0      418       0
                text4                              28EE     28EE      204      418       0
                text3                              1488     1488      5D0      418       0
                text2                              3A36     3A36       62      418       0
                text1                              3BB0     3BB0       52      418       0
                text0                              2E36     2E36      156      418       0
                cstackCOMRAM                          1        1       5F        1       1
                cstackBANK0                          60       60       73       60       1
                bssBANK1                            100      100       50      100       1
                bssBANK0                             D3       D3       2A       60       1
                cinit                              3E9C     3E9C       22      418       0

TOTAL           Name                               Link     Load   Length     Space
        CLASS   STACK          

        CLASS   CODE           
                init                                  0        0        4         0
                text42                             3EDE     3EDE       10         0
                text41                             3C9A     3C9A       46         0
                text40                             3B54     3B54       5C         0
                text39                             3EBE     3EBE       20         0
                text38                             3EEE     3EEE        E         0
                text37                             39AA     39AA       8C         0
                text36                             345A     345A       D2         0
                text35                             3E42     3E42       34         0
                text34                             3D24     3D24       40         0
                text33                             2AF2     2AF2      1B4         0
                text32                             3E76     3E76       26         0
                text31                             3DD4     3DD4       38         0
                text30                             3C02     3C02       52         0
                text29                             2CA6     2CA6      190         0
                text28                             378C     378C       C4         0
                text27                             3850     3850       B0         0
                text26                             2342     2342      39A         0
                text25                             3900     3900       AA         0
                text24                             3092     3092      104         0
                text23                             1F18     1F18      42A         0
                text22                             3D9C     3D9C       38         0
                text21                             1A58     1A58      4C0         0
                text20                             3C54     3C54       46         0
                text19                             2F8C     2F8C      106         0
                text18                             3196     3196       FE         0
                text17                             26DC     26DC      212         0
                text16                             3EFC     3EFC        2         0
                text15                             35FC     35FC       CA         0
                text14                             3CE0     3CE0       44         0
                text13                             3E0C     3E0C       36         0
                text12                             36C6     36C6       C6         0
                text11                             3AF8     3AF8       5C         0
                text10                             3D64     3D64       38         0
                text9                              3A98     3A98       60         0
                text8                               830      830      C58         0
                text7                              3384     3384       D6         0
                text6                              3294     3294       F0         0
                text5                              352C     352C       D0         0
                text4                              28EE     28EE      204         0
                text3                              1488     1488      5D0         0
                text2                              3A36     3A36       62         0
                text1                              3BB0     3BB0       52         0
                text0                              2E36     2E36      156         0
                cinit                              3E9C     3E9C       22         0

        CLASS   CONST          

        CLASS   SMALLCONST     
                smallconst                          800      800       30         0

        CLASS   MEDIUMCONST    

        CLASS   COMRAM         
                cstackCOMRAM                          1        1       5F         1

        CLASS   ABS1           

        CLASS   BIGRAM         

        CLASS   RAM            

        CLASS   BANK0          
                cstackBANK0                          60       60       73         1
                bssBANK0                             D3       D3       2A         1

        CLASS   BANK1          
                bssBANK1                            100      100       50         1

        CLASS   BANK2          

        CLASS   BANK3          

        CLASS   BANK4          

        CLASS   BANK5          

        CLASS   BANK6          

        CLASS   BANK7          

        CLASS   SFR            

        CLASS   CONFIG         
                config                           300000   300000        E         4

        CLASS   IDLOC          
                idloc                            200000   200000        8         5

        CLASS   EEDATA         

        CLASS   FARRAM         



SEGMENTS        Name                           Load    Length   Top    Selector   Space  Class

                reset_vec                      000000  000004  000004         0       0  CODE    
                cstackCOMRAM                   000001  00005F  000060         1       1  COMRAM  
                cstackBANK0                    000060  00009D  0000FD        60       1  BANK0   
                bssBANK1                       000100  000050  000150       100       1  BANK1   
                smallconst                     000800  000030  000830       400       0  SMALLCON
                text8                          000830  0036CE  003EFE       418       0  CODE    


UNUSED ADDRESS RANGES

        Name                Unused          Largest block    Delta
        BANK0            0000FD-0000FF                3
        BANK1            000150-0001FF               B0
        BANK2            000200-0002FF              100
        BANK3            000300-0003FF              100
        BANK4            000400-0004FF              100
        BANK5            000500-0005FF              100
        BANK6            000600-0006FF              100
        BANK7            000700-0007FF              100
        BIGRAM           0000FD-0000FF                3
                         000150-0007FF              6B0
        CODE             000004-0007FF              7FC
                         003EFE-007FFF             4102
        CONST            000004-0007FF              7FC
                         003EFE-007FFF             4102
        EEDATA           F00000-F000FF              100
        MEDIUMCONST      003EFE-007FFF             4102
        RAM              0000FD-0000FF                3
                         000150-0007FF              100
        SFR              000F60-000FFF               A0
        SMALLCONST       003EFE-007FFF              100
        STACK            000150-0007FF              6B0

                                  Symbol Table

?_ADC_Read                 cstackCOMRAM 000001
?___awdiv                  cstackCOMRAM 000001
?___awmod                  cstackCOMRAM 000001
?___fladd                  cstackCOMRAM 000001
?___fldiv                  cstackCOMRAM 000028
?___flmul                  cstackCOMRAM 00000F
?___flneg                  cstackCOMRAM 000001
?___flsub                  cstackCOMRAM 000028
?___fltol                  cstackCOMRAM 000001
?___fpclassifyf            cstackCOMRAM 000001
?___lodiv                  cstackCOMRAM 000001
?___lomod                  cstackCOMRAM 000001
?___wmul                   cstackCOMRAM 000001
?___xxtofl                 cstackCOMRAM 000001
?_atoi                     cstackCOMRAM 000008
?_efgtoa                   cstackCOMRAM 000055
?_floorf                   cstackCOMRAM 000041
?_isdigit                  cstackCOMRAM 000001
?_isspace                  cstackCOMRAM 000001
?_isupper                  cstackCOMRAM 000001
?_pad                      cstackCOMRAM 000011
?_sprintf                  cstackBANK0  0000C1
?_strlen                   cstackCOMRAM 000001
?_strncmp                  cstackCOMRAM 000001
?_tolower                  cstackCOMRAM 000007
?_utoa                     cstackCOMRAM 00001C
?_vfpfcnvrt                cstackBANK0  00009D
?_vfprintf                 cstackBANK0  0000B9
ADC_Init@p_ang             cstackCOMRAM 000001
ADC_Read@ch                cstackCOMRAM 000003
Lcd_Cmd@a                  cstackCOMRAM 000003
Lcd_Port@a                 cstackCOMRAM 000001
Lcd_Set_Cursor@a           cstackCOMRAM 000005
Lcd_Set_Cursor@b           cstackCOMRAM 000004
Lcd_Set_Cursor@temp        cstackCOMRAM 000008
Lcd_Set_Cursor@y           cstackCOMRAM 000007
Lcd_Set_Cursor@z           cstackCOMRAM 000006
Lcd_Write_Char@a           cstackCOMRAM 000004
Lcd_Write_Char@temp        cstackCOMRAM 000002
Lcd_Write_Char@y           cstackCOMRAM 000003
Lcd_Write_String@a         cstackCOMRAM 000005
Lcd_Write_String@i         cstackCOMRAM 000007
_ADCON0                    (abs)        000FC2
_ADCON0bits                (abs)        000FC2
_ADCON1                    (abs)        000FC1
_ADCON2                    (abs)        000FC0
_ADC_Init                  text42       003EDE
_ADC_Read                  text41       003C9A
_ADRES                     (abs)        000FC3
_LATBbits                  (abs)        000F8A
_LATDbits                  (abs)        000F8C
_Lcd_Clear                 text38       003EEE
_Lcd_Cmd                   text39       003EBE
_Lcd_Init                  text37       0039AA
_Lcd_Port                  text40       003B54
_Lcd_Set_Cursor            text36       00345A
_Lcd_Write_Char            text35       003E42
_Lcd_Write_String          text34       003D24
_TRISBbits                 (abs)        000F93
_TRISDbits                 (abs)        000F95
__HRAM                     (abs)        000000
__Habs1                    abs1         000000
__Hbank0                   bank0        000000
__Hbank1                   bank1        000000
__Hbank2                   bank2        000000
__Hbank3                   bank3        000000
__Hbank4                   bank4        000000
__Hbank5                   bank5        000000
__Hbank6                   bank6        000000
__Hbank7                   bank7        000000
__Hbigbss                  bigbss       000000
__Hbigdata                 bigdata      000000
__Hbigram                  bigram       000000
__Hbss                     bss          000000
__HbssBANK0                bssBANK0     000000
__HbssBANK1                bssBANK1     000000
__Hcinit                   cinit        000000
__Hclrtext                 clrtext      000000
__Hcomram                  comram       000000
__Hconfig                  config       30000E
__Hconst                   const        000000
__HcstackBANK0             cstackBANK0  000000
__HcstackCOMRAM            cstackCOMRAM 000000
__Hdata                    data         000000
__Heeprom_data             eeprom_data  000000
__Hfarbss                  farbss       000000
__Hfardata                 fardata      000000
__Hibigdata                ibigdata     000000
__Hidata                   idata        000000
__Hidloc                   idloc        200008
__Hifardata                ifardata     000000
__Hinit                    init         000004
__Hintcode                 intcode      000000
__Hintcode_body            intcode_body 000000
__Hintcodelo               intcodelo    000000
__Hintentry                intentry     000000
__Hintret                  intret       000000
__Hintsave_regs            intsave_regs 000000
__Hirdata                  irdata       000000
__Hmediumconst             mediumconst  000000
__HnvFARRAM                nvFARRAM     000000
__Hnvbit                   nvbit        000000
__Hnvrram                  nvrram       000000
__Hparam                   rparam       000000
__Hpowerup                 powerup      000000
__Hram                     ram          000000
__Hramtop                  ramtop       000800
__Hrbit                    rbit         000000
__Hrbss                    rbss         000000
__Hrdata                   rdata        000000
__Hreset_vec               reset_vec    000000
__Hrparam                  rparam       000000
__Hsfr                     sfr          000000
__Hsmallconst              smallconst   000830
__Hspace_0                 (abs)        003EFE
__Hspace_1                 (abs)        000150
__Hspace_2                 (abs)        000000
__Hspace_4                 (abs)        60000E
__Hstack                   stack        000000
__Hstruct                  struct       000000
__Htemp                    temp         000000
__Htext                    text         000000
__Htext0                   text0        000000
__Htext1                   text1        000000
__Htext10                  text10       000000
__Htext11                  text11       000000
__Htext12                  text12       000000
__Htext13                  text13       000000
__Htext14                  text14       000000
__Htext15                  text15       000000
__Htext16                  text16       000000
__Htext17                  text17       000000
__Htext18                  text18       000000
__Htext19                  text19       000000
__Htext2                   text2        000000
__Htext20                  text20       000000
__Htext21                  text21       000000
__Htext22                  text22       000000
__Htext23                  text23       000000
__Htext24                  text24       000000
__Htext25                  text25       000000
__Htext26                  text26       000000
__Htext27                  text27       000000
__Htext28                  text28       000000
__Htext29                  text29       000000
__Htext3                   text3        000000
__Htext30                  text30       000000
__Htext31                  text31       000000
__Htext32                  text32       000000
__Htext33                  text33       000000
__Htext34                  text34       000000
__Htext35                  text35       000000
__Htext36                  text36       000000
__Htext37                  text37       000000
__Htext38                  text38       000000
__Htext39                  text39       000000
__Htext4                   text4        000000
__Htext40                  text40       000000
__Htext41                  text41       000000
__Htext42                  text42       000000
__Htext5                   text5        000000
__Htext6                   text6        000000
__Htext7                   text7        000000
__Htext8                   text8        000000
__Htext9                   text9        000000
__LRAM                     (abs)        000001
__Labs1                    abs1         000000
__Lbank0                   bank0        000000
__Lbank1                   bank1        000000
__Lbank2                   bank2        000000
__Lbank3                   bank3        000000
__Lbank4                   bank4        000000
__Lbank5                   bank5        000000
__Lbank6                   bank6        000000
__Lbank7                   bank7        000000
__Lbigbss                  bigbss       000000
__Lbigdata                 bigdata      000000
__Lbigram                  bigram       000000
__Lbss                     bss          000000
__LbssBANK0                bssBANK0     000000
__LbssBANK1                bssBANK1     000000
__Lcinit                   cinit        000000
__Lclrtext                 clrtext      000000
__Lcomram                  comram       000000
__Lconfig                  config       000000
__Lconst                   const        000000
__LcstackBANK0             cstackBANK0  000000
__LcstackCOMRAM            cstackCOMRAM 000000
__Ldata                    data         000000
__Leeprom_data             eeprom_data  000000
__Lfarbss                  farbss       000000
__Lfardata                 fardata      000000
__Libigdata                ibigdata     000000
__Lidata                   idata        000000
__Lidloc                   idloc        000000
__Lifardata                ifardata     000000
__Linit                    init         000000
__Lintcode                 intcode      000000
__Lintcode_body            intcode_body 000000
__Lintcodelo               intcodelo    000000
__Lintentry                intentry     000000
__Lintret                  intret       000000
__Lintsave_regs            intsave_regs 000000
__Lirdata                  irdata       000000
__Lmediumconst             mediumconst  000000
__LnvFARRAM                nvFARRAM     000000
__Lnvbit                   nvbit        000000
__Lnvrram                  nvrram       000000
__Lparam                   rparam       000000
__Lpowerup                 powerup      000000
__Lram                     ram          000000
__Lramtop                  ramtop       000800
__Lrbit                    rbit         000000
__Lrbss                    rbss         000000
__Lrdata                   rdata        000000
__Lreset_vec               reset_vec    000000
__Lrparam                  rparam       000000
__Lsfr                     sfr          000000
__Lsmallconst              smallconst   000800
__Lspace_0                 (abs)        000000
__Lspace_1                 (abs)        000000
__Lspace_2                 (abs)        000000
__Lspace_4                 (abs)        000000
__Lstack                   stack        000000
__Lstruct                  struct       000000
__Ltemp                    temp         000000
__Ltext                    text         000000
__Ltext0                   text0        000000
__Ltext1                   text1        000000
__Ltext10                  text10       000000
__Ltext11                  text11       000000
__Ltext12                  text12       000000
__Ltext13                  text13       000000
__Ltext14                  text14       000000
__Ltext15                  text15       000000
__Ltext16                  text16       000000
__Ltext17                  text17       000000
__Ltext18                  text18       000000
__Ltext19                  text19       000000
__Ltext2                   text2        000000
__Ltext20                  text20       000000
__Ltext21                  text21       000000
__Ltext22                  text22       000000
__Ltext23                  text23       000000
__Ltext24                  text24       000000
__Ltext25                  text25       000000
__Ltext26                  text26       000000
__Ltext27                  text27       000000
__Ltext28                  text28       000000
__Ltext29                  text29       000000
__Ltext3                   text3        000000
__Ltext30                  text30       000000
__Ltext31                  text31       000000
__Ltext32                  text32       000000
__Ltext33                  text33       000000
__Ltext34                  text34       000000
__Ltext35                  text35       000000
__Ltext36                  text36       000000
__Ltext37                  text37       000000
__Ltext38                  text38       000000
__Ltext39                  text39       000000
__Ltext4                   text4        000000
__Ltext40                  text40       000000
__Ltext41                  text41       000000
__Ltext42                  text42       000000
__Ltext5                   text5        000000
__Ltext6                   text6        000000
__Ltext7                   text7        000000
__Ltext8                   text8        000000
__Ltext9                   text9        000000
__S0                       (abs)        003EFE
__S1                       (abs)        000150
__S2                       (abs)        000000
__S4                       (abs)        000000
__S5                       (abs)        000000
___awdiv                   text28       00378C
___awdiv@counter           cstackCOMRAM 000005
___awdiv@dividend          cstackCOMRAM 000001
___awdiv@divisor           cstackCOMRAM 000003
___awdiv@quotient          cstackCOMRAM 000007
___awdiv@sign              cstackCOMRAM 000006
___awmod                   text27       003850
___awmod@counter           cstackCOMRAM 000005
___awmod@dividend          cstackCOMRAM 000001
___awmod@divisor           cstackCOMRAM 000003
___awmod@sign              cstackCOMRAM 000006
___fladd                   text21       001A58
___fladd@a                 cstackCOMRAM 000005
___fladd@aexp              cstackCOMRAM 00000E
___fladd@b                 cstackCOMRAM 000001
___fladd@bexp              cstackCOMRAM 00000F
___fladd@grs               cstackCOMRAM 000010
___fladd@signs             cstackCOMRAM 00000D
___fldiv                   text26       002342
___fldiv@a                 cstackCOMRAM 00002C
___fldiv@aexp              cstackCOMRAM 000040
___fldiv@b                 cstackCOMRAM 000028
___fldiv@bexp              cstackCOMRAM 00003F
___fldiv@grs               cstackCOMRAM 00003B
___fldiv@new_exp           cstackCOMRAM 000039
___fldiv@rem               cstackCOMRAM 000034
___fldiv@sign              cstackCOMRAM 000038
___fleq                    text25       003900
___fleq@ff1                cstackCOMRAM 000001
___fleq@ff2                cstackCOMRAM 000005
___flge                    text24       003092
___flge@ff1                cstackCOMRAM 000028
___flge@ff2                cstackCOMRAM 00002C
___flmul                   text23       001F18
___flmul@a                 cstackCOMRAM 000013
___flmul@aexp              cstackCOMRAM 000020
___flmul@b                 cstackCOMRAM 00000F
___flmul@bexp              cstackCOMRAM 000021
___flmul@grs               cstackCOMRAM 00001C
___flmul@prod              cstackCOMRAM 000022
___flmul@sign              cstackCOMRAM 00001B
___flmul@temp              cstackCOMRAM 000026
___flneg                   text22       003D9C
___flneg@f1                cstackCOMRAM 000001
___flsub                   text20       003C54
___flsub@a                 cstackCOMRAM 00002C
___flsub@b                 cstackCOMRAM 000028
___fltol                   text19       002F8C
___fltol@exp1              cstackCOMRAM 00000A
___fltol@f1                cstackCOMRAM 000001
___fltol@sign1             cstackCOMRAM 000009
___fpclassifyf             text18       003196
___fpclassifyf@F465        bssBANK0     0000D7
___fpclassifyf@e           cstackCOMRAM 000009
___fpclassifyf@u           cstackCOMRAM 00000B
___fpclassifyf@x           cstackCOMRAM 000001
___inthi_sp                stack        000000
___intlo_sp                stack        000000
___lodiv                   text6        003294
___lodiv@counter           cstackCOMRAM 000019
___lodiv@dividend          cstackCOMRAM 000001
___lodiv@divisor           cstackCOMRAM 000009
___lodiv@quotient          cstackCOMRAM 000011
___lomod                   text5        00352C
___lomod@counter           cstackCOMRAM 000011
___lomod@dividend          cstackCOMRAM 000001
___lomod@divisor           cstackCOMRAM 000009
___param_bank              (abs)        000000
___rparam_used             (abs)        000001
___sp                      stack        000000
___wmul                    text32       003E76
___wmul@multiplicand       cstackCOMRAM 000003
___wmul@multiplier         cstackCOMRAM 000001
___wmul@product            cstackCOMRAM 000005
___xxtofl                  text33       002AF2
___xxtofl@arg              cstackCOMRAM 00000B
___xxtofl@exp              cstackCOMRAM 00000A
___xxtofl@sign             cstackCOMRAM 000009
___xxtofl@val              cstackCOMRAM 000001
__accesstop                (abs)        000060
__activetblptr             (abs)        000002
__end_of_ADC_Init          text42       003EEE
__end_of_ADC_Read          text41       003CE0
__end_of_Lcd_Clear         text38       003EFC
__end_of_Lcd_Cmd           text39       003EDE
__end_of_Lcd_Init          text37       003A36
__end_of_Lcd_Port          text40       003BB0
__end_of_Lcd_Set_Cursor    text36       00352C
__end_of_Lcd_Write_Char    text35       003E76
__end_of_Lcd_Write_String  text34       003D64
__end_of___awdiv           text28       003850
__end_of___awmod           text27       003900
__end_of___fladd           text21       001F18
__end_of___fldiv           text26       0026DC
__end_of___fleq            text25       0039AA
__end_of___flge            text24       003196
__end_of___flmul           text23       002342
__end_of___flneg           text22       003DD4
__end_of___flsub           text20       003C9A
__end_of___fltol           text19       003092
__end_of___fpclassifyf     text18       003294
__end_of___lodiv           text6        003384
__end_of___lomod           text5        0035FC
__end_of___wmul            text32       003E9C
__end_of___xxtofl          text33       002CA6
__end_of__initialization   cinit        003EB4
__end_of_atoi              text29       002E36
__end_of_efgtoa            text8        001488
__end_of_floorf            text17       0028EE
__end_of_fputc             text15       0036C6
__end_of_fputs             text14       003D24
__end_of_isdigit           text31       003E0C
__end_of_isspace           text30       003C54
__end_of_isupper           text10       003D9C
__end_of_main              text0        002F8C
__end_of_pad               text12       00378C
__end_of_putch             text16       003EFE
__end_of_sprintf           text1        003C02
__end_of_strcpy            text11       003B54
__end_of_strlen            text13       003E42
__end_of_strncmp           text7        00345A
__end_of_tolower           text9        003AF8
__end_of_utoa              text4        002AF2
__end_of_vfpfcnvrt         text3        001A58
__end_of_vfprintf          text2        003A98
__initialization           cinit        003E9C
__mediumconst              mediumconst  000000
__pbssBANK0                bssBANK0     0000D3
__pbssBANK1                bssBANK1     000100
__pcinit                   cinit        003E9C
__pcstackBANK0             cstackBANK0  000060
__pcstackCOMRAM            cstackCOMRAM 000001
__psmallconst              smallconst   000800
__ptext0                   text0        002E36
__ptext1                   text1        003BB0
__ptext10                  text10       003D64
__ptext11                  text11       003AF8
__ptext12                  text12       0036C6
__ptext13                  text13       003E0C
__ptext14                  text14       003CE0
__ptext15                  text15       0035FC
__ptext16                  text16       003EFC
__ptext17                  text17       0026DC
__ptext18                  text18       003196
__ptext19                  text19       002F8C
__ptext2                   text2        003A36
__ptext20                  text20       003C54
__ptext21                  text21       001A58
__ptext22                  text22       003D9C
__ptext23                  text23       001F18
__ptext24                  text24       003092
__ptext25                  text25       003900
__ptext26                  text26       002342
__ptext27                  text27       003850
__ptext28                  text28       00378C
__ptext29                  text29       002CA6
__ptext3                   text3        001488
__ptext30                  text30       003C02
__ptext31                  text31       003DD4
__ptext32                  text32       003E76
__ptext33                  text33       002AF2
__ptext34                  text34       003D24
__ptext35                  text35       003E42
__ptext36                  text36       00345A
__ptext37                  text37       0039AA
__ptext38                  text38       003EEE
__ptext39                  text39       003EBE
__ptext4                   text4        0028EE
__ptext40                  text40       003B54
__ptext41                  text41       003C9A
__ptext42                  text42       003EDE
__ptext5                   text5        00352C
__ptext6                   text6        003294
__ptext7                   text7        003384
__ptext8                   text8        000830
__ptext9                   text9        003A98
__ramtop                   ramtop       000800
__size_of_ADC_Init         (abs)        000000
__size_of_ADC_Read         (abs)        000000
__size_of_Lcd_Clear        (abs)        000000
__size_of_Lcd_Cmd          (abs)        000000
__size_of_Lcd_Init         (abs)        000000
__size_of_Lcd_Port         (abs)        000000
__size_of_Lcd_Set_Cursor   (abs)        000000
__size_of_Lcd_Write_Char   (abs)        000000
__size_of_Lcd_Write_String (abs)        000000
__size_of___awdiv          (abs)        000000
__size_of___awmod          (abs)        000000
__size_of___fladd          (abs)        000000
__size_of___fldiv          (abs)        000000
__size_of___fleq           (abs)        000000
__size_of___flge           (abs)        000000
__size_of___flmul          (abs)        000000
__size_of___flneg          (abs)        000000
__size_of___flsub          (abs)        000000
__size_of___fltol          (abs)        000000
__size_of___fpclassifyf    (abs)        000000
__size_of___lodiv          (abs)        000000
__size_of___lomod          (abs)        000000
__size_of___wmul           (abs)        000000
__size_of___xxtofl         (abs)        000000
__size_of_atoi             (abs)        000000
__size_of_efgtoa           (abs)        000000
__size_of_floorf           (abs)        000000
__size_of_fputc            (abs)        000000
__size_of_fputs            (abs)        000000
__size_of_isdigit          (abs)        000000
__size_of_isspace          (abs)        000000
__size_of_isupper          (abs)        000000
__size_of_main             (abs)        000000
__size_of_pad              (abs)        000000
__size_of_putch            (abs)        000000
__size_of_sprintf          (abs)        000000
__size_of_strcpy           (abs)        000000
__size_of_strlen           (abs)        000000
__size_of_strncmp          (abs)        000000
__size_of_tolower          (abs)        000000
__size_of_utoa             (abs)        000000
__size_of_vfpfcnvrt        (abs)        000000
__size_of_vfprintf         (abs)        000000
__smallconst               smallconst   000800
_atoi                      text29       002CA6
_atoi$1011                 cstackCOMRAM 000010
_atoi$1012                 cstackCOMRAM 000014
_atoi$1013                 cstackCOMRAM 000012
_buffer                    bssBANK0     0000E9
_dbuf                      bssBANK1     000100
_efgtoa                    text8        000830
_efgtoa$939                cstackBANK0  000065
_efgtoa$940                cstackBANK0  000067
_efgtoa$945                cstackBANK0  000069
_efgtoa$949                cstackBANK0  00006B
_efgtoa$950                cstackBANK0  00006D
_efgtoa$951                cstackBANK0  00006F
_flags                     bssBANK0     0000E5
_floorf                    text17       0026DC
_fputc                     text15       0035FC
_fputs                     text14       003CE0
_isdigit                   text31       003DD4
_isspace                   text30       003C02
_isspace$1042              cstackCOMRAM 000007
_isupper                   text10       003D64
_main                      text0        002E36
_nout                      bssBANK0     0000DF
_pad                       text12       0036C6
_prec                      bssBANK0     0000E3
_putch                     text16       003EFC
_sprintf                   text1        003BB0
_strcpy                    text11       003AF8
_strlen                    text13       003E0C
_strncmp                   text7        003384
_tolower                   text9        003A98
_tolower$1106              cstackCOMRAM 00000D
_utoa                      text4        0028EE
_valor_adc                 bssBANK0     0000E7
_vfpfcnvrt                 text3        001488
_vfpfcnvrt$972             cstackBANK0  0000AD
_vfpfcnvrt$976             cstackBANK0  0000AF
_vfprintf                  text2        003A36
_voltaje                   bssBANK0     0000DB
_width                     bssBANK0     0000E1
atoi@n                     cstackCOMRAM 000015
atoi@neg                   cstackCOMRAM 00000E
atoi@s                     cstackCOMRAM 000008
efgtoa@c                   cstackCOMRAM 00005B
efgtoa@d                   cstackBANK0  00007D
efgtoa@e                   cstackBANK0  000095
efgtoa@f                   cstackCOMRAM 000057
efgtoa@fp                  cstackCOMRAM 000055
efgtoa@g                   cstackBANK0  000091
efgtoa@h                   cstackBANK0  000087
efgtoa@i                   cstackBANK0  00008F
efgtoa@l                   cstackBANK0  00008B
efgtoa@m                   cstackBANK0  000077
efgtoa@mode                cstackBANK0  000086
efgtoa@n                   cstackBANK0  000097
efgtoa@ne                  cstackBANK0  000075
efgtoa@nmode               cstackBANK0  000085
efgtoa@ou                  cstackBANK0  000079
efgtoa@p                   cstackBANK0  000081
efgtoa@pp                  cstackBANK0  000073
efgtoa@sign                cstackBANK0  00007F
efgtoa@t                   cstackBANK0  000071
efgtoa@u                   cstackBANK0  000099
efgtoa@w                   cstackBANK0  000083
end_of_initialization      cinit        003EB4
floorf@F527                bssBANK0     0000D3
floorf@e                   cstackCOMRAM 00004F
floorf@m                   cstackCOMRAM 00004B
floorf@u                   cstackCOMRAM 000051
floorf@x                   cstackCOMRAM 000041
fputc@c                    cstackCOMRAM 000001
fputc@fp                   cstackCOMRAM 000003
fputs@c                    cstackCOMRAM 00000E
fputs@fp                   cstackCOMRAM 00000C
fputs@i                    cstackCOMRAM 00000F
fputs@s                    cstackCOMRAM 00000A
intlevel0                  text         000000
intlevel1                  text         000000
intlevel2                  text         000000
intlevel3                  text         000000
isa$std                    (abs)        000001
isa$xinst                  (abs)        000000
isdigit@c                  cstackCOMRAM 000001
isspace@c                  cstackCOMRAM 000001
isupper@c                  cstackCOMRAM 000001
pad@buf                    cstackCOMRAM 000013
pad@fp                     cstackCOMRAM 000011
pad@i                      cstackCOMRAM 000018
pad@p                      cstackCOMRAM 000015
pad@w                      cstackCOMRAM 00001A
sprintf@ap                 cstackBANK0  0000C9
sprintf@f                  cstackBANK0  0000CB
sprintf@fmt                cstackBANK0  0000C3
sprintf@s                  cstackBANK0  0000C1
stackhi                    (abs)        0007FF
stacklo                    (abs)        000150
start                      init         000000
start_initialization       cinit        003E9C
strcpy@d                   cstackCOMRAM 000009
strcpy@dest                cstackCOMRAM 000001
strcpy@s                   cstackCOMRAM 000007
strcpy@src                 cstackCOMRAM 000003
strlen@a                   cstackCOMRAM 000003
strlen@s                   cstackCOMRAM 000001
strncmp@_l                 cstackCOMRAM 000001
strncmp@_r                 cstackCOMRAM 000003
strncmp@l                  cstackCOMRAM 000008
strncmp@n                  cstackCOMRAM 000005
strncmp@r                  cstackCOMRAM 00000A
tolower@c                  cstackCOMRAM 000007
utoa@d                     cstackCOMRAM 00001E
utoa@fp                    cstackCOMRAM 00001C
utoa@i                     cstackCOMRAM 00003A
utoa@n                     cstackCOMRAM 000032
utoa@p                     cstackCOMRAM 00002E
utoa@w                     cstackCOMRAM 000030
vfpfcnvrt@ap               cstackBANK0  0000A1
vfpfcnvrt@c                cstackBANK0  0000B8
vfpfcnvrt@ct               cstackBANK0  0000B5
vfpfcnvrt@done             cstackBANK0  0000AB
vfpfcnvrt@f                cstackBANK0  0000B1
vfpfcnvrt@fmt              cstackBANK0  00009F
vfpfcnvrt@fp               cstackBANK0  00009D
vfpfcnvrt@llu              cstackBANK0  0000A3
vfprintf@ap                cstackBANK0  0000BD
vfprintf@cfmt              cstackBANK0  0000BF
vfprintf@fmt               cstackBANK0  0000BB
vfprintf@fp                cstackBANK0  0000B9


MODULE INFORMATION

Module		Function		Class		Link	Load	Size
C:\Program Files\Microchip\xc8\v2.32\pic\sources\c99\common\nf_sprintf.c
		_sprintf       		CODE           	3BB0	0000	82

C:\Program Files\Microchip\xc8\v2.32\pic\sources\c99\common\nf_sprintf.c estimated size: 82

C:\Program Files\Microchip\xc8\v2.32\pic\sources\c99\common\awdiv.c
		___awdiv       		CODE           	378C	0000	196

C:\Program Files\Microchip\xc8\v2.32\pic\sources\c99\common\awdiv.c estimated size: 196

C:\Program Files\Microchip\xc8\v2.32\pic\sources\c99\common\isdigit.c
		_isdigit       		CODE           	3DD4	0000	56

C:\Program Files\Microchip\xc8\v2.32\pic\sources\c99\common\isdigit.c estimated size: 56

C:\Program Files\Microchip\xc8\v2.32\pic\sources\c99\common\sprcadd.c
		___flsub       		CODE           	3C54	0000	70
		___fladd       		CODE           	1A58	0000	1216

C:\Program Files\Microchip\xc8\v2.32\pic\sources\c99\common\sprcadd.c estimated size: 1286

C:\Program Files\Microchip\xc8\v2.32\pic\sources\c99\common\doprnt.c
		_vfpfcnvrt     		CODE           	1488	0000	1488
		_efgtoa        		CODE           	0830	0000	3160
		_pad           		CODE           	36C6	0000	198
		_vfprintf      		CODE           	3A36	0000	98
		_utoa          		CODE           	28EE	0000	516

C:\Program Files\Microchip\xc8\v2.32\pic\sources\c99\common\doprnt.c estimated size: 5460

C:\Program Files\Microchip\xc8\v2.32\pic\sources\c99\common\flneg.c
		___flneg       		CODE           	3D9C	0000	56

C:\Program Files\Microchip\xc8\v2.32\pic\sources\c99\common\flneg.c estimated size: 56

ADC_Lcd.c
		_main          		CODE           	2E36	0000	342

ADC_Lcd.c estimated size: 342

C:\Program Files\Microchip\xc8\v2.32\pic\sources\c99\common\lomod.c
		___lomod       		CODE           	352C	0000	208

C:\Program Files\Microchip\xc8\v2.32\pic\sources\c99\common\lomod.c estimated size: 208

C:\Program Files\Microchip\xc8\v2.32\pic\sources\c99\common\atoi.c
		_atoi          		CODE           	2CA6	0000	400

C:\Program Files\Microchip\xc8\v2.32\pic\sources\c99\common\atoi.c estimated size: 400

C:\Program Files\Microchip\xc8\v2.32\pic\sources\c99\common\nf_fputs.c
		_fputs         		CODE           	3CE0	0000	68

C:\Program Files\Microchip\xc8\v2.32\pic\sources\c99\common\nf_fputs.c estimated size: 68

C:\Program Files\Microchip\xc8\v2.32\pic\sources\c99\common\fleq.c
		___fleq        		CODE           	3900	0000	170

C:\Program Files\Microchip\xc8\v2.32\pic\sources\c99\common\fleq.c estimated size: 170

C:\Program Files\Microchip\xc8\v2.32\pic\sources\c99\common\putch.c
		_putch         		CODE           	3EFC	0000	2

C:\Program Files\Microchip\xc8\v2.32\pic\sources\c99\common\putch.c estimated size: 2

C:\Program Files\Microchip\xc8\v2.32\pic\sources\c99\common\__fpclassifyf.c
		___fpclassifyf 		CODE           	3196	0000	254

C:\Program Files\Microchip\xc8\v2.32\pic\sources\c99\common\__fpclassifyf.c estimated size: 254

C:\Program Files\Microchip\xc8\v2.32\pic\sources\c99\common\isupper.c
		_isupper       		CODE           	3D64	0000	56

C:\Program Files\Microchip\xc8\v2.32\pic\sources\c99\common\isupper.c estimated size: 56

C:\Program Files\Microchip\xc8\v2.32\pic\sources\c99\common\Umul16.c
		___wmul        		CODE           	3E76	0000	38

C:\Program Files\Microchip\xc8\v2.32\pic\sources\c99\common\Umul16.c estimated size: 38

adc.c
		_ADC_Read      		CODE           	3C9A	0000	70
		_ADC_Init      		CODE           	3EDE	0000	16

adc.c estimated size: 86

C:\Program Files\Microchip\xc8\v2.32\pic\sources\c99\common\isspace.c
		_isspace       		CODE           	3C02	0000	82

C:\Program Files\Microchip\xc8\v2.32\pic\sources\c99\common\isspace.c estimated size: 82

C:\Program Files\Microchip\xc8\v2.32\pic\sources\c99\common\lodiv.c
		___lodiv       		CODE           	3294	0000	240

C:\Program Files\Microchip\xc8\v2.32\pic\sources\c99\common\lodiv.c estimated size: 240

C:\Program Files\Microchip\xc8\v2.32\pic\sources\c99\common\strncmp.c
		_strncmp       		CODE           	3384	0000	214

C:\Program Files\Microchip\xc8\v2.32\pic\sources\c99\common\strncmp.c estimated size: 214

C:\Program Files\Microchip\xc8\v2.32\pic\sources\c99\common\tolower.c
		_tolower       		CODE           	3A98	0000	96

C:\Program Files\Microchip\xc8\v2.32\pic\sources\c99\common\tolower.c estimated size: 96

shared
		__initialization		CODE           	3E9C	0000	24

shared estimated size: 24

C:\Program Files\Microchip\xc8\v2.32\pic\sources\c99\common\sprcmul.c
		___flmul       		CODE           	1F18	0000	1066

C:\Program Files\Microchip\xc8\v2.32\pic\sources\c99\common\sprcmul.c estimated size: 1066

C:\Program Files\Microchip\xc8\v2.32\pic\sources\c99\common\awmod.c
		___awmod       		CODE           	3850	0000	176

C:\Program Files\Microchip\xc8\v2.32\pic\sources\c99\common\awmod.c estimated size: 176

C:\Program Files\Microchip\xc8\v2.32\pic\sources\c99\common\sprcdiv.c
		___fldiv       		CODE           	2342	0000	922

C:\Program Files\Microchip\xc8\v2.32\pic\sources\c99\common\sprcdiv.c estimated size: 922

lcd.c
		_Lcd_Write_String		CODE           	3D24	0000	64
		_Lcd_Init      		CODE           	39AA	0000	140
		_Lcd_Write_Char		CODE           	3E42	0000	52
		_Lcd_Cmd       		CODE           	3EBE	0000	32
		_Lcd_Set_Cursor		CODE           	345A	0000	210
		_Lcd_Clear     		CODE           	3EEE	0000	14
		_Lcd_Port      		CODE           	3B54	0000	92

lcd.c estimated size: 604

C:\Program Files\Microchip\xc8\v2.32\pic\sources\c99\common\fltol.c
		___fltol       		CODE           	2F8C	0000	262

C:\Program Files\Microchip\xc8\v2.32\pic\sources\c99\common\fltol.c estimated size: 262

C:\Program Files\Microchip\xc8\v2.32\pic\sources\c99\common\xxtofl.c
		___xxtofl      		CODE           	2AF2	0000	436

C:\Program Files\Microchip\xc8\v2.32\pic\sources\c99\common\xxtofl.c estimated size: 436

C:\Program Files\Microchip\xc8\v2.32\pic\sources\c99\common\nf_fputc.c
		_fputc         		CODE           	35FC	0000	202

C:\Program Files\Microchip\xc8\v2.32\pic\sources\c99\common\nf_fputc.c estimated size: 202

C:\Program Files\Microchip\xc8\v2.32\pic\sources\c99\common\strlen.c
		_strlen        		CODE           	3E0C	0000	54

C:\Program Files\Microchip\xc8\v2.32\pic\sources\c99\common\strlen.c estimated size: 54

C:\Program Files\Microchip\xc8\v2.32\pic\sources\c99\common\flge.c
		___flge        		CODE           	3092	0000	260

C:\Program Files\Microchip\xc8\v2.32\pic\sources\c99\common\flge.c estimated size: 260

C:\Program Files\Microchip\xc8\v2.32\pic\sources\c99\common\floorf.c
		_floorf        		CODE           	26DC	0000	530

C:\Program Files\Microchip\xc8\v2.32\pic\sources\c99\common\floorf.c estimated size: 530

C:\Program Files\Microchip\xc8\v2.32\pic\sources\c99\common\strcpy.c
		_strcpy        		CODE           	3AF8	0000	92

C:\Program Files\Microchip\xc8\v2.32\pic\sources\c99\common\strcpy.c estimated size: 92

